// Jest Snapshot v1, https://goo.gl/fbAQLP

exports[`REDUX FILTERS renders correctly 1`] = `
<div>
  OK
</div>
`;
