// Jest Snapshot v1, https://goo.gl/fbAQLP

exports[`API V1 should respond with 401 when token is invalid 1`] = `"{\\"error\\":\\"Unauthorized\\"}"`;
