// Jest Snapshot v1, https://goo.gl/fbAQLP

exports[`LOGIN should login user with valid credentials 1`] = `
Object {
  "_id": 4,
  "email": "mariuszrajczakowski@gmail.com",
  "first_name": null,
  "last_name": null,
  "roles": Array [
    "user",
  ],
}
`;
