// Jest Snapshot v1, https://goo.gl/fbAQLP

exports[`REGISTER should create a user with valid input 1`] = `
Object {
  "email": "valid@email.com",
  "id": 4,
  "roles": Array [
    "user",
  ],
}
`;
